Memory usage at Tue May 14 00:38:37 UTC 2024:
               total        used        free      shared  buff/cache   available
Mem:            31Gi       281Mi        28Gi       4.0Mi       2.1Gi        30Gi
Swap:             0B          0B          0B
----------------------------------------
Memory usage at Tue May 14 00:39:07 UTC 2024:
               total        used        free      shared  buff/cache   available
Mem:            31Gi       281Mi        28Gi       4.0Mi       2.1Gi        30Gi
Swap:             0B          0B          0B
----------------------------------------
Memory usage at Tue May 14 00:39:37 UTC 2024:
               total        used        free      shared  buff/cache   available
Mem:            31Gi       282Mi        28Gi       4.0Mi       2.1Gi        30Gi
Swap:             0B          0B          0B
----------------------------------------
Memory usage at Tue May 14 00:40:07 UTC 2024:
               total        used        free      shared  buff/cache   available
Mem:            31Gi       283Mi        28Gi       4.0Mi       2.1Gi        30Gi
Swap:             0B          0B          0B
----------------------------------------
Memory usage at Tue May 14 00:40:37 UTC 2024:
               total        used        free      shared  buff/cache   available
Mem:            31Gi       303Mi        28Gi       4.0Mi       2.2Gi        30Gi
Swap:             0B          0B          0B
----------------------------------------
Memory usage at Tue May 14 00:41:07 UTC 2024:
               total        used        free      shared  buff/cache   available
Mem:            31Gi       345Mi        28Gi       4.0Mi       2.5Gi        30Gi
Swap:             0B          0B          0B
----------------------------------------
Memory usage at Tue May 14 00:41:37 UTC 2024:
               total        used        free      shared  buff/cache   available
Mem:            31Gi       300Mi        28Gi       4.0Mi       2.5Gi        30Gi
Swap:             0B          0B          0B
----------------------------------------
Memory usage at Tue May 14 00:42:07 UTC 2024:
               total        used        free      shared  buff/cache   available
Mem:            31Gi       356Mi        28Gi       4.0Mi       2.5Gi        30Gi
Swap:             0B          0B          0B
----------------------------------------
Memory usage at Tue May 14 00:42:37 UTC 2024:
               total        used        free      shared  buff/cache   available
Mem:            31Gi       1.2Gi        27Gi       4.0Mi       2.6Gi        29Gi
Swap:             0B          0B          0B
----------------------------------------
Memory usage at Tue May 14 00:43:07 UTC 2024:
               total        used        free      shared  buff/cache   available
Mem:            31Gi       2.4Gi        26Gi       4.0Mi       2.6Gi        28Gi
Swap:             0B          0B          0B
----------------------------------------
Memory usage at Tue May 14 00:43:37 UTC 2024:
               total        used        free      shared  buff/cache   available
Mem:            31Gi       3.6Gi        25Gi       4.0Mi       2.6Gi        27Gi
Swap:             0B          0B          0B
----------------------------------------
Memory usage at Tue May 14 00:44:07 UTC 2024:
               total        used        free      shared  buff/cache   available
Mem:            31Gi       4.7Gi        24Gi       4.0Mi       2.6Gi        26Gi
Swap:             0B          0B          0B
----------------------------------------
Memory usage at Tue May 14 00:44:37 UTC 2024:
               total        used        free      shared  buff/cache   available
Mem:            31Gi       5.9Gi        22Gi       4.0Mi       2.6Gi        24Gi
Swap:             0B          0B          0B
----------------------------------------
Memory usage at Tue May 14 00:45:07 UTC 2024:
               total        used        free      shared  buff/cache   available
Mem:            31Gi       7.1Gi        21Gi       4.0Mi       2.6Gi        23Gi
Swap:             0B          0B          0B
----------------------------------------
Memory usage at Tue May 14 00:45:37 UTC 2024:
               total        used        free      shared  buff/cache   available
Mem:            31Gi       8.2Gi        20Gi       4.0Mi       2.6Gi        22Gi
Swap:             0B          0B          0B
----------------------------------------
Memory usage at Tue May 14 00:46:07 UTC 2024:
               total        used        free      shared  buff/cache   available
Mem:            31Gi       9.4Gi        19Gi       4.0Mi       2.6Gi        21Gi
Swap:             0B          0B          0B
----------------------------------------
Memory usage at Tue May 14 00:46:37 UTC 2024:
               total        used        free      shared  buff/cache   available
Mem:            31Gi        10Gi        18Gi       4.0Mi       2.6Gi        20Gi
Swap:             0B          0B          0B
----------------------------------------
Memory usage at Tue May 14 00:47:07 UTC 2024:
               total        used        free      shared  buff/cache   available
Mem:            31Gi        11Gi        17Gi       4.0Mi       2.6Gi        19Gi
Swap:             0B          0B          0B
----------------------------------------
Memory usage at Tue May 14 00:47:37 UTC 2024:
               total        used        free      shared  buff/cache   available
Mem:            31Gi        12Gi        15Gi       4.0Mi       2.6Gi        18Gi
Swap:             0B          0B          0B
----------------------------------------
Memory usage at Tue May 14 00:48:07 UTC 2024:
               total        used        free      shared  buff/cache   available
Mem:            31Gi        13Gi        14Gi       4.0Mi       2.6Gi        16Gi
Swap:             0B          0B          0B
----------------------------------------
Memory usage at Tue May 14 00:48:37 UTC 2024:
               total        used        free      shared  buff/cache   available
Mem:            31Gi        15Gi        13Gi       4.0Mi       2.6Gi        15Gi
Swap:             0B          0B          0B
----------------------------------------
Memory usage at Tue May 14 00:49:07 UTC 2024:
               total        used        free      shared  buff/cache   available
Mem:            31Gi        16Gi        12Gi       4.0Mi       2.6Gi        14Gi
Swap:             0B          0B          0B
----------------------------------------
Memory usage at Tue May 14 00:49:37 UTC 2024:
               total        used        free      shared  buff/cache   available
Mem:            31Gi        17Gi        11Gi       4.0Mi       2.6Gi        13Gi
Swap:             0B          0B          0B
----------------------------------------
Memory usage at Tue May 14 00:50:07 UTC 2024:
               total        used        free      shared  buff/cache   available
Mem:            31Gi        18Gi        10Gi       4.0Mi       2.6Gi        12Gi
Swap:             0B          0B          0B
----------------------------------------
Memory usage at Tue May 14 00:50:37 UTC 2024:
               total        used        free      shared  buff/cache   available
Mem:            31Gi        19Gi       9.0Gi       4.0Mi       2.6Gi        11Gi
Swap:             0B          0B          0B
----------------------------------------
Memory usage at Tue May 14 00:51:07 UTC 2024:
               total        used        free      shared  buff/cache   available
Mem:            31Gi        20Gi       7.9Gi       4.0Mi       2.6Gi        10Gi
Swap:             0B          0B          0B
----------------------------------------
Memory usage at Tue May 14 00:51:37 UTC 2024:
               total        used        free      shared  buff/cache   available
Mem:            31Gi        22Gi       6.7Gi       4.0Mi       2.6Gi       8.9Gi
Swap:             0B          0B          0B
----------------------------------------
Memory usage at Tue May 14 00:52:07 UTC 2024:
               total        used        free      shared  buff/cache   available
Mem:            31Gi        23Gi       5.6Gi       4.0Mi       2.6Gi       7.7Gi
Swap:             0B          0B          0B
----------------------------------------
Memory usage at Tue May 14 00:52:37 UTC 2024:
               total        used        free      shared  buff/cache   available
Mem:            31Gi        24Gi       4.4Gi       4.0Mi       2.6Gi       6.5Gi
Swap:             0B          0B          0B
----------------------------------------
Memory usage at Tue May 14 00:53:07 UTC 2024:
               total        used        free      shared  buff/cache   available
Mem:            31Gi        25Gi       3.3Gi       4.0Mi       2.6Gi       5.4Gi
Swap:             0B          0B          0B
----------------------------------------
Memory usage at Tue May 14 00:53:37 UTC 2024:
               total        used        free      shared  buff/cache   available
Mem:            31Gi        26Gi       2.1Gi       4.0Mi       2.6Gi       4.2Gi
Swap:             0B          0B          0B
----------------------------------------
Memory usage at Tue May 14 00:54:07 UTC 2024:
               total        used        free      shared  buff/cache   available
Mem:            31Gi        27Gi       990Mi       4.0Mi       2.6Gi       3.1Gi
Swap:             0B          0B          0B
----------------------------------------
Memory usage at Tue May 14 00:54:37 UTC 2024:
               total        used        free      shared  buff/cache   available
Mem:            31Gi        28Gi       254Mi       4.0Mi       2.2Gi       2.0Gi
Swap:             0B          0B          0B
----------------------------------------
Memory usage at Tue May 14 00:55:07 UTC 2024:
               total        used        free      shared  buff/cache   available
Mem:            31Gi        30Gi       254Mi       4.0Mi       1.0Gi       827Mi
Swap:             0B          0B          0B
----------------------------------------
Memory usage at Tue May 14 00:55:37 UTC 2024:
               total        used        free      shared  buff/cache   available
Mem:            31Gi        31Gi       194Mi       4.0Mi        49Mi       130Mi
Swap:             0B          0B          0B
----------------------------------------
Memory usage at Tue May 14 00:56:08 UTC 2024:
               total        used        free      shared  buff/cache   available
Mem:            31Gi       221Mi        31Gi       4.0Mi        86Mi        30Gi
Swap:             0B          0B          0B
----------------------------------------
